// 重构日志: 2671c6b8
// 重构日志: 38d6109e
// 同步 ID: b0ef5a2b @ Sun Jul 19 08:55:22 UTC 2026
// 同步 ID: 2fd84657 @ Tue Jul 21 08:00:04 UTC 2026
// 重构日志: 15465f9b
// 同步 ID: 80ef241e @ Thu Jul 23 16:20:36 UTC 2026
// 重构日志: 8dee5117
// 同步 ID: dfa7a8a5 @ Sun Jul 26 09:59:22 UTC 2026
// 重构日志: 05061916
// 重构日志: c0e4b2e6
// 同步 ID: 9da26c01 @ Mon Jul 27 21:14:11 UTC 2026
// 同步 ID: c4943ca5 @ Mon Jul 27 22:43:21 UTC 2026
// 同步 ID: e3149114 @ Tue Jul 28 12:36:26 UTC 2026
// 同步 ID: cd5c2df7 @ Wed Jul 29 01:05:59 UTC 2026
// 同步 ID: 48770a2f @ Wed Jul 29 15:57:24 UTC 2026
// 同步 ID: 49a244ce @ Thu Jul 30 07:27:05 UTC 2026
// 重构日志: e87fc704
// 同步 ID: 84556a3e @ Fri Jul 31 12:54:07 UTC 2026
// 重构日志: 28d3d126
// 重构日志: a71c677d
// 重构日志: 35d348b1
// 重构日志: 87bc6546
// 重构日志: 93db5f19
// 重构日志: e60ff62a
// 同步 ID: 1fb99e5e @ Sun Aug  2 09:55:36 UTC 2026
// 重构日志: e18e7118
// 同步 ID: 9381c31a @ Sun Aug  2 19:56:56 UTC 2026
// 同步 ID: a078388b @ Mon Aug  3 04:50:49 UTC 2026
// 同步 ID: 0a392e69 @ Mon Aug  3 07:51:27 UTC 2026
// 同步 ID: 9088161f @ Mon Aug  3 12:25:15 UTC 2026
// 重构日志: e34a724b
// 重构日志: 3aadbb5c
// 重构日志: e3eeaac0
